// Jest Snapshot v1, https://goo.gl/fbAQLP

exports[`displays nothing if no deadline is specified 1`] = `""`;

exports[`displays the deadline if specified 1`] = `
<WithStyles(Typography)
  component="p"
>
  Deadline: 
  Invalid date
</WithStyles(Typography)>
`;
