// Jest Snapshot v1, https://goo.gl/fbAQLP

exports[`Content should render correctly 1`] = `
<Content
  classes={
    Object {
      "breakpoints": "Content-breakpoints-1",
      "content": "Content-content-13",
      "direction": "Content-direction-2",
      "mixins": "Content-mixins-3",
      "overrides": "Content-overrides-4",
      "palette": "Content-palette-5",
      "props": "Content-props-6",
      "shadows": "Content-shadows-7",
      "shape": "Content-shape-9",
      "spacing": "Content-spacing-10",
      "toolbar": "Content-toolbar-14",
      "transitions": "Content-transitions-11",
      "typography": "Content-typography-8",
      "zIndex": "Content-zIndex-12",
    }
  }
  intl={
    Object {
      "defaultFormats": Object {},
      "defaultLocale": "en",
      "formatDate": [Function],
      "formatHTMLMessage": [Function],
      "formatMessage": [Function],
      "formatNumber": [Function],
      "formatPlural": [Function],
      "formatRelative": [Function],
      "formatTime": [Function],
      "formats": Object {},
      "formatters": Object {
        "getDateTimeFormat": [Function],
        "getMessageFormat": [Function],
        "getNumberFormat": [Function],
        "getPluralFormat": [Function],
        "getRelativeFormat": [Function],
      },
      "locale": "en",
      "messages": Object {},
      "now": [Function],
      "onError": [Function],
      "textComponent": "span",
      "timeZone": null,
    }
  }
>
  child
</Content>
`;
