// Jest Snapshot v1, https://goo.gl/fbAQLP

exports[`CstMembers component should match snapshot 1`] = `<Connect(CstMembers) />`;
