// Jest Snapshot v1, https://goo.gl/fbAQLP

exports[`DateTimePicker should match snapshot 1`] = `
<DateTimePicker
  classes={
    Object {
      "textField": "DateTimePicker-textField-1",
    }
  }
  date="2018-09-01"
  endTime="10:00"
  startTime="09:00"
/>
`;
