// Jest Snapshot v1, https://goo.gl/fbAQLP

exports[`SchedulingView should match snapshot 1`] = `
<div
  id="outer"
>
  <Connect(MeetingCreator)
    prDetail={
      Object {
        "employee": Object {
          "firstName": "Michaela",
          "id": 2,
          "lastName": "Mitarbeiterin",
          "login": "test.pr.mitarbeiter1",
        },
        "id": 1,
        "supervisor": Object {
          "firstName": "Volker",
          "id": 1,
          "lastName": "Vorgesetzter",
          "login": "test.pr.vorgesetzter",
        },
      }
    }
  />
</div>
`;
