// Jest Snapshot v1, https://goo.gl/fbAQLP

exports[`MyPRListFilterDialog Component should match snapshot 1`] = `
<React.Fragment>
  <WithMobileDialog
    width="md"
  />
  <EventListener
    onResize={[Function]}
    target="window"
  />
</React.Fragment>
`;
