// Jest Snapshot v1, https://goo.gl/fbAQLP

exports[`PerformanceReviewDetail should match snapshot 1`] = `
<WithStyles(Grid)
  container={true}
  spacing={8}
>
  <WithStyles(Grid)
    item={true}
    lg={8}
    md={8}
    sm={12}
    xl={8}
    xs={12}
  >
    <Connect(WithStyles(PrSheet)) />
  </WithStyles(Grid)>
  <Hidden
    implementation="js"
    lgDown={false}
    lgUp={false}
    mdDown={false}
    mdUp={false}
    smDown={true}
    smUp={false}
    xlDown={false}
    xlUp={false}
    xsDown={false}
    xsUp={false}
  >
    <WithStyles(Grid)
      item={true}
      lg={4}
      md={4}
      xl={4}
    >
      <WithStyles(Grid)
        container={true}
        direction="row"
        spacing={8}
      >
        <WithStyles(Grid)
          item={true}
          lg={12}
          md={12}
          xl={12}
        >
          <WithStyles(PrSalary)
            prDetail={Object {}}
          />
        </WithStyles(Grid)>
        <WithStyles(Grid)
          item={true}
          lg={12}
          md={12}
          xl={12}
        >
          <WithStyles(PrEmployment)
            prById={Object {}}
          />
        </WithStyles(Grid)>
        <WithStyles(Grid)
          item={true}
          lg={12}
          md={12}
          xl={12}
        >
          <WithStyles(PrState) />
        </WithStyles(Grid)>
      </WithStyles(Grid)>
    </WithStyles(Grid)>
  </Hidden>
</WithStyles(Grid)>
`;
