// Jest Snapshot v1, https://goo.gl/fbAQLP

exports[`PrOverviewReviewer Component should match snapshot 1`] = `
<PerformanceReviewsTable
  classes={
    Object {
      "root": "PerformanceReviewsTable-root-1",
      "table": "PerformanceReviewsTable-table-2",
      "tableWrapper": "PerformanceReviewsTable-tableWrapper-3",
    }
  }
  columnDefinition={
    Array [
      Object {
        "disablePadding": false,
        "filter": <Connect(WithStyles(PopperSearchMenu))
          filterBy="employee"
          filterGroup="REVIEWER"
    >
          <Connect(EmployeeFilter) />
    </Connect(WithStyles(PopperSearchMenu))>,
        "label": "Mitarbeiter",
        "numeric": false,
        "render": [Function],
        "sortValue": [Function],
      },
      Object {
        "disablePadding": true,
        "filter": <Connect(WithStyles(PopperSearchMenu))
          filterBy="deadline"
          filterGroup="REVIEWER"
    >
          <Connect(DateFilter) />
    </Connect(WithStyles(PopperSearchMenu))>,
        "label": "F채lligkeit",
        "numeric": true,
        "render": [Function],
        "sortValue": [Function],
      },
      Object {
        "disablePadding": false,
        "filter": <Connect(WithStyles(PopperSearchMenu))
          filterBy="occasion"
          filterGroup="REVIEWER"
    >
          <Connect(ListFilter)
                content={
                      Object {
                            "Auf Nachfrage": "ON_DEMAND",
                            "Ende der Probezeit": "END_PROBATION",
                            "J채hrlich": "YEARLY",
                          }
                }
          />
    </Connect(WithStyles(PopperSearchMenu))>,
        "label": "Grund",
        "numeric": false,
        "render": [Function],
        "sortValue": [Function],
      },
      Object {
        "disablePadding": false,
        "label": "Projektkst",
        "numeric": false,
        "render": [Function],
        "sortValue": [Function],
      },
      Object {
        "disablePadding": true,
        "filter": <Connect(WithStyles(PopperSearchMenu))
          filterBy="competence"
          filterGroup="REVIEWER"
    >
          <Connect(ListFilter)
                content={
                      Object {
                            "CON": "CONSULTING",
                            "DEV": "DEVELOPMENT",
                          }
                }
          />
    </Connect(WithStyles(PopperSearchMenu))>,
        "label": "Dev/Con",
        "numeric": false,
        "render": [Function],
        "sortValue": [Function],
      },
      Object {
        "disablePadding": true,
        "filter": <Connect(WithStyles(PopperSearchMenu))
          filterBy="level"
          filterGroup="REVIEWER"
    >
          <Connect(ListFilter)
                content={
                      Object {
                            "1": 1,
                            "2": 2,
                          }
                }
          />
    </Connect(WithStyles(PopperSearchMenu))>,
        "label": "level",
        "numeric": true,
        "render": [Function],
        "sortValue": [Function],
      },
      Object {
        "disablePadding": true,
        "filter": <Connect(WithStyles(PopperSearchMenu))
          filterBy="supervisor"
          filterGroup="REVIEWER"
    >
          <Connect(EmployeeFilter) />
    </Connect(WithStyles(PopperSearchMenu))>,
        "label": "Vorgesetzte/r",
        "numeric": false,
        "render": [Function],
        "sortValue": [Function],
      },
      Object {
        "disablePadding": true,
        "filter": <Connect(WithStyles(PopperSearchMenu))
          filterBy="reviewer"
          filterGroup="REVIEWER"
    >
          <Connect(EmployeeFilter) />
    </Connect(WithStyles(PopperSearchMenu))>,
        "label": "Bewerter",
        "numeric": false,
        "render": [Function],
        "sortValue": [Function],
      },
      Object {
        "disablePadding": true,
        "label": "Bewertung",
        "numeric": false,
        "render": [Function],
        "sortValue": [Function],
      },
      Object {
        "disablePadding": true,
        "filter": <Connect(WithStyles(PopperSearchMenu))
          filterBy="employeePreparationDone"
          filterGroup="REVIEWER"
    >
          <Connect(ListFilter)
                content={
                      Object {
                            "ja": true,
                            "nein": false,
                          }
                }
          />
    </Connect(WithStyles(PopperSearchMenu))>,
        "label": "MA ausgef체llt",
        "numeric": false,
        "render": [Function],
        "sortValue": [Function],
      },
      Object {
        "disablePadding": true,
        "filter": <Connect(WithStyles(PopperSearchMenu))
          filterBy="reviewerPreparationDone"
          filterGroup="REVIEWER"
    >
          <Connect(ListFilter)
                content={
                      Object {
                            "ja": true,
                            "nein": false,
                          }
                }
          />
    </Connect(WithStyles(PopperSearchMenu))>,
        "label": "Beurteiler ausgef체llt",
        "numeric": false,
        "render": [Function],
        "sortValue": [Function],
      },
      Object {
        "disablePadding": true,
        "label": "Termin",
        "numeric": false,
        "render": [Function],
        "sortValue": [Function],
      },
      Object {
        "disablePadding": true,
        "filter": <Connect(WithStyles(PopperSearchMenu))
          filterBy="inProgress"
          filterGroup="REVIEWER"
    >
          <Connect(ListFilter)
                content={
                      Object {
                            "abgeschlossen": false,
                            "laufend": true,
                          }
                }
          />
    </Connect(WithStyles(PopperSearchMenu))>,
        "label": "Finaler Status",
        "numeric": false,
        "render": [Function],
        "sortValue": [Function],
      },
    ]
  }
  orderBy={1}
/>
`;
