// Jest Snapshot v1, https://goo.gl/fbAQLP

exports[`PrSheet Component displays the PrSheet 1`] = `
<div>
  <div
    className="PrSheet-containerVertical-1"
  >
    <WithStyles(List)>
      <WithStyles(ListItem)>
        <WithStyles(ListItemText)
          primary="Leistungen im Projekt"
        />
      </WithStyles(ListItem)>
      <WithStyles(List)
        disablePadding={true}
      >
        <WithStyles(ListItem)
          button={true}
          className="PrSheet-nested-2"
          onClick={[Function]}
        >
          <WithStyles(ListItemText)
            secondary="Problemanalyse und -lösung"
          />
          <WithStyles(Icon)>
            expand_more
          </WithStyles(Icon)>
          <TextField
            className=""
            onChange={[Function]}
            required={false}
            select={true}
            value="1"
          >
            <WithStyles(MenuItem)
              key="1"
              value="1"
            >
              1
            </WithStyles(MenuItem)>
            <WithStyles(MenuItem)
              key="2"
              value="2"
            >
              2
            </WithStyles(MenuItem)>
            <WithStyles(MenuItem)
              key="3"
              value="3"
            >
              3
            </WithStyles(MenuItem)>
            <WithStyles(MenuItem)
              key="4"
              value="4"
            >
              4
            </WithStyles(MenuItem)>
            <WithStyles(MenuItem)
              key="5"
              value="5"
            >
              5
            </WithStyles(MenuItem)>
          </TextField>
        </WithStyles(ListItem)>
        <WithStyles(Collapse)
          in={false}
          timeout="auto"
          unmountOnExit={true}
        >
          <WithStyles(List)
            className="PrSheet-nestedText-3"
            component="div"
            disablePadding={true}
          >
            <WithStyles(ListItem)>
              <TextField
                InputLabelProps={
                  Object {
                    "className": undefined,
                    "shrink": true,
                  }
                }
                InputProps={
                  Object {
                    "classes": Object {
                      "input": "PrSheet-bootstrapInput-6",
                      "root": "PrSheet-bootstrapRoot-5",
                    },
                    "disableUnderline": true,
                  }
                }
                fullWidth={true}
                id="multiline-flexible"
                label="Kommentar"
                multiline={true}
                onChange={[Function]}
                required={false}
                rowsMax="4"
                select={false}
              />
            </WithStyles(ListItem)>
            <WithStyles(ListItem) />
            <WithStyles(ListItem)
              button={true}
            >
              <WithStyles(ListItemText)
                disabled={true}
                secondary="Beschreibung: Problemanalyse !"
              />
            </WithStyles(ListItem)>
          </WithStyles(List)>
          <WithStyles(Divider) />
        </WithStyles(Collapse)>
        <WithStyles(ListItem)
          button={true}
          className="PrSheet-nested-2"
          onClick={[Function]}
        >
          <WithStyles(ListItemText)
            secondary="Arbeitsergebnisse"
          />
          <WithStyles(Icon)>
            expand_more
          </WithStyles(Icon)>
          <TextField
            className=""
            onChange={[Function]}
            required={false}
            select={true}
            value="1"
          >
            <WithStyles(MenuItem)
              key="1"
              value="1"
            >
              1
            </WithStyles(MenuItem)>
            <WithStyles(MenuItem)
              key="2"
              value="2"
            >
              2
            </WithStyles(MenuItem)>
            <WithStyles(MenuItem)
              key="3"
              value="3"
            >
              3
            </WithStyles(MenuItem)>
            <WithStyles(MenuItem)
              key="4"
              value="4"
            >
              4
            </WithStyles(MenuItem)>
            <WithStyles(MenuItem)
              key="5"
              value="5"
            >
              5
            </WithStyles(MenuItem)>
          </TextField>
        </WithStyles(ListItem)>
        <WithStyles(Collapse)
          in={false}
          timeout="auto"
          unmountOnExit={true}
        >
          <WithStyles(List)
            className="PrSheet-nestedText-3"
            component="div"
            disablePadding={true}
          >
            <WithStyles(ListItem)>
              <TextField
                InputLabelProps={
                  Object {
                    "className": undefined,
                    "shrink": true,
                  }
                }
                InputProps={
                  Object {
                    "classes": Object {
                      "input": "PrSheet-bootstrapInput-6",
                      "root": "PrSheet-bootstrapRoot-5",
                    },
                    "disableUnderline": true,
                  }
                }
                fullWidth={true}
                id="multiline-flexible"
                label="Kommentar"
                multiline={true}
                onChange={[Function]}
                required={false}
                rowsMax="4"
                select={false}
              />
            </WithStyles(ListItem)>
            <WithStyles(ListItem) />
            <WithStyles(ListItem)
              button={true}
            >
              <WithStyles(ListItemText)
                disabled={true}
                secondary="Beschreibung:  Arbeitsergebnisse !"
              />
            </WithStyles(ListItem)>
          </WithStyles(List)>
          <WithStyles(Divider) />
        </WithStyles(Collapse)>
        <WithStyles(ListItem)
          button={true}
          className="PrSheet-nested-2"
          onClick={[Function]}
        >
          <WithStyles(ListItemText)
            secondary="Arbeitsweise"
          />
          <WithStyles(Icon)>
            expand_more
          </WithStyles(Icon)>
          <TextField
            className=""
            onChange={[Function]}
            required={false}
            select={true}
            value="1"
          >
            <WithStyles(MenuItem)
              key="1"
              value="1"
            >
              1
            </WithStyles(MenuItem)>
            <WithStyles(MenuItem)
              key="2"
              value="2"
            >
              2
            </WithStyles(MenuItem)>
            <WithStyles(MenuItem)
              key="3"
              value="3"
            >
              3
            </WithStyles(MenuItem)>
            <WithStyles(MenuItem)
              key="4"
              value="4"
            >
              4
            </WithStyles(MenuItem)>
            <WithStyles(MenuItem)
              key="5"
              value="5"
            >
              5
            </WithStyles(MenuItem)>
          </TextField>
        </WithStyles(ListItem)>
        <WithStyles(Collapse)
          in={false}
          timeout="auto"
          unmountOnExit={true}
        >
          <WithStyles(List)
            className="PrSheet-nestedText-3"
            component="div"
            disablePadding={true}
          >
            <WithStyles(ListItem)>
              <TextField
                InputLabelProps={
                  Object {
                    "className": undefined,
                    "shrink": true,
                  }
                }
                InputProps={
                  Object {
                    "classes": Object {
                      "input": "PrSheet-bootstrapInput-6",
                      "root": "PrSheet-bootstrapRoot-5",
                    },
                    "disableUnderline": true,
                  }
                }
                fullWidth={true}
                id="multiline-flexible"
                label="Kommentar"
                multiline={true}
                onChange={[Function]}
                required={false}
                rowsMax="4"
                select={false}
              />
            </WithStyles(ListItem)>
            <WithStyles(ListItem) />
            <WithStyles(ListItem)
              button={true}
            >
              <WithStyles(ListItemText)
                disabled={true}
                secondary="Beschreibung: Arbeitsweise !"
              />
            </WithStyles(ListItem)>
          </WithStyles(List)>
          <WithStyles(Divider) />
        </WithStyles(Collapse)>
      </WithStyles(List)>
    </WithStyles(List)>
    <WithStyles(Divider) />
    <WithStyles(List)>
      <WithStyles(ListItem)>
        <WithStyles(ListItemText)
          primary="Wirkung beim Kunden"
        />
      </WithStyles(ListItem)>
      <WithStyles(List)
        disablePadding={true}
      >
        <WithStyles(ListItem)
          button={true}
          className="PrSheet-nested-2"
        >
          <WithStyles(ListItemText)
            secondary="Kundeninteraktion und -veränderung"
          />
        </WithStyles(ListItem)>
        <WithStyles(ListItem)
          button={true}
          className="PrSheet-nested-2"
        >
          <WithStyles(ListItemText)
            secondary="Kundenbindung und Mandatsgenerierung"
          />
        </WithStyles(ListItem)>
      </WithStyles(List)>
    </WithStyles(List)>
    <WithStyles(Divider) />
    <WithStyles(List)>
      <WithStyles(ListItem)>
        <WithStyles(ListItemText)
          primary="Wirkung im Team"
        />
      </WithStyles(ListItem)>
      <WithStyles(List)
        disablePadding={true}
      >
        <WithStyles(ListItem)
          button={true}
          className="PrSheet-nested-2"
        >
          <WithStyles(ListItemText)
            secondary="Effektives Arbeiten im Team und Teamführung"
          />
        </WithStyles(ListItem)>
        <WithStyles(ListItem)
          button={true}
          className="PrSheet-nested-2"
        >
          <WithStyles(ListItemText)
            secondary="Coaching, Leadership und Personalführung"
          />
        </WithStyles(ListItem)>
      </WithStyles(List)>
    </WithStyles(List)>
    <WithStyles(Divider) />
    <WithStyles(List)>
      <WithStyles(ListItem)>
        <WithStyles(ListItemText)
          primary="Wirkung im Unternehmen"
        />
      </WithStyles(ListItem)>
      <WithStyles(List)
        disablePadding={true}
      >
        <WithStyles(ListItem)
          button={true}
          className="PrSheet-nested-2"
        >
          <WithStyles(ListItemText)
            secondary="Beitrag zur Unternehmensentwicklung"
          />
        </WithStyles(ListItem)>
      </WithStyles(List)>
    </WithStyles(List)>
    <WithStyles(Divider) />
    <WithStyles(List)>
      <WithStyles(ListItem)>
        <WithStyles(ListItemText)
          primary="Gesamtschätzung und Entwicklungsbedarfe"
        />
      </WithStyles(ListItem)>
      <WithStyles(List)
        disablePadding={true}
      >
        <WithStyles(ListItem)
          button={true}
          className="PrSheet-nested-2"
        >
          <WithStyles(ListItemText)
            secondary="Freitextfeld"
          />
        </WithStyles(ListItem)>
      </WithStyles(List)>
    </WithStyles(List)>
    <WithStyles(Divider) />
  </div>
</div>
`;
