// Jest Snapshot v1, https://goo.gl/fbAQLP

exports[`PerformanceReviewDetail Component should match snapshot 1`] = `
<React.Fragment>
  <Connect(WithLoading(WithStyles(PrState))) />
  <WithStyles(PrTabs) />
</React.Fragment>
`;
