// Jest Snapshot v1, https://goo.gl/fbAQLP

exports[`SchedulingView should match snapshot 1`] = `
<div
  id="outer"
>
  <InjectIntl(Connect(MeetingCreator))
    handleChange={[Function]}
  />
</div>
`;
