// Jest Snapshot v1, https://goo.gl/fbAQLP

exports[`EmployeeTableRow should render correctly 1`] = `
<WithStyles(EmployeeTableRow)
  employee={
    Object {
      "competenceCenter": "DEVELOPMENT",
      "currentCst": "Postbank",
      "currentPosition": "Senior Developer",
      "dateOfNextPr": Array [
        1,
        2,
        2020,
      ],
      "firstName": "Peter",
      "hasOpenedPr": false,
      "id": 1,
      "lastName": "Knox",
      "officeLocation": "KoÅ¡ice",
      "supervisorName": "Peter Supervisor",
      "userPhoto": undefined,
    }
  }
  intl={
    Object {
      "defaultFormats": Object {},
      "defaultLocale": "en",
      "formatDate": [Function],
      "formatHTMLMessage": [Function],
      "formatMessage": [Function],
      "formatNumber": [Function],
      "formatPlural": [Function],
      "formatRelative": [Function],
      "formatTime": [Function],
      "formats": Object {},
      "formatters": Object {
        "getDateTimeFormat": [Function],
        "getMessageFormat": [Function],
        "getNumberFormat": [Function],
        "getPluralFormat": [Function],
        "getRelativeFormat": [Function],
      },
      "locale": "en",
      "messages": Object {},
      "now": [Function],
      "onError": [Function],
      "textComponent": "span",
      "timeZone": null,
    }
  }
  selection={false}
/>
`;
