// Jest Snapshot v1, https://goo.gl/fbAQLP

exports[`SortingFilter should render correctly 1`] = `
<WithStyles(SortingFilter)
  handleChange={[Function]}
  intl={
    Object {
      "defaultFormats": Object {},
      "defaultLocale": "en",
      "formatDate": [Function],
      "formatHTMLMessage": [Function],
      "formatMessage": [Function],
      "formatNumber": [Function],
      "formatPlural": [Function],
      "formatRelative": [Function],
      "formatTime": [Function],
      "formats": Object {},
      "formatters": Object {
        "getDateTimeFormat": [Function],
        "getMessageFormat": [Function],
        "getNumberFormat": [Function],
        "getPluralFormat": [Function],
        "getRelativeFormat": [Function],
      },
      "locale": "en",
      "messages": Object {},
      "now": [Function],
      "onError": [Function],
      "textComponent": "span",
      "timeZone": null,
    }
  }
  menuData={
    Array [
      "input1",
      "input2",
      "input3",
    ]
  }
  stateValue="searching employee"
/>
`;
