// Jest Snapshot v1, https://goo.gl/fbAQLP

exports[`DateFilter Component should match snapshot 1`] = `
<WithStyles(List)>
  <WithStyles(ListItem)>
    <TextField
      InputLabelProps={
        Object {
          "shrink": true,
        }
      }
      defaultValue="2018-01-01"
      id="startDate"
      label="von"
      onChange={[Function]}
      placeholder="JJJJ-MM-TT"
      required={false}
      select={false}
      type="date"
      variant="standard"
    />
    <TextField
      InputLabelProps={
        Object {
          "shrink": true,
        }
      }
      defaultValue="2018-12-31"
      id="endDate"
      label="bis"
      onChange={[Function]}
      placeholder="JJJJ-MM-TT"
      required={false}
      select={false}
      type="date"
      variant="standard"
    />
    <WithStyles(IconButton)
      aria-label="forward"
      id="forwardButton"
      onClick={[Function]}
    >
      <WithStyles(Icon)>
        forward
      </WithStyles(Icon)>
    </WithStyles(IconButton)>
  </WithStyles(ListItem)>
  <WithStyles(ListItem)
    className="DateFilter-error-1"
  />
</WithStyles(List)>
`;
