// Jest Snapshot v1, https://goo.gl/fbAQLP

exports[`EmployeeFilter Component should match snapshot 1`] = `
<Connect(WithStyles(EmployeeSearch))
  employeeSearchValue=""
  selectEmployee={[Function]}
/>
`;
