// Jest Snapshot v1, https://goo.gl/fbAQLP

exports[`EnhancedTableHead component should match snapshot 1`] = `
<WithStyles(TableHead)>
  <WithStyles(TableRow)>
    <WithStyles(TableCell)
      key="0"
      numeric={false}
      padding="none"
      sortDirection="asc"
    >
      <WithStyles(List)>
        <WithStyles(ListItem)
          className="EnhancedTableHead-tableCell-1"
          style={
            Object {
              "display": "flex",
              "justifyContent": "center",
            }
          }
        >
          <Connect(PopperSearchMenu)>
            <Connect(EmployeeFilter)
              filterBy="employee"
              filterGroup="hr"
            />
          </Connect(PopperSearchMenu)>
          <WithStyles(TableSortLabel)
            active={true}
            direction="asc"
            onClick={[Function]}
          >
            Mitarbeiter
          </WithStyles(TableSortLabel)>
        </WithStyles(ListItem)>
      </WithStyles(List)>
    </WithStyles(TableCell)>
  </WithStyles(TableRow)>
</WithStyles(TableHead)>
`;
