// Jest Snapshot v1, https://goo.gl/fbAQLP

exports[`PerformanceReviewsTable component should match snapshot 1`] = `
<WithStyles(Paper)
  className="PerformanceReviewsTable-root-1"
>
  <div
    className="PerformanceReviewsTable-tableWrapper-3"
  >
    <WithStyles(Table)
      aria-labelledby="tableTitle"
      className="PerformanceReviewsTable-table-2"
    >
      <EnhancedTableHead
        columnDefinition={
          Array [
            Object {
              "disablePadding": false,
              "filter": <PopperSearchMenu>
                <Connect(EmployeeFilter)
                      filterBy="employee"
                      filterGroup="hr"
                />
          </PopperSearchMenu>,
              "key": "employee",
              "label": "Mitarbeiter",
              "mapper": [Function],
              "numeric": false,
              "show": [Function],
            },
            Object {
              "disablePadding": true,
              "filter": <PopperSearchMenu
                content={
                      <WithStyles(List)>
                            <WithStyles(ListItem)>
                                  <TextField
                                        InputLabelProps={
                                              Object {
                                                    "shrink": true,
                                                  }
                                        }
                                        id="dateBegin"
                                        label="Fälligkeit von"
                                        required={false}
                                        select={false}
                                        type="date"
                                  />
                                  <TextField
                                        InputLabelProps={
                                              Object {
                                                    "shrink": true,
                                                  }
                                        }
                                        defaultValue="2017-05-24"
                                        id="dateEnd"
                                        label="Fälligkeit bis"
                                        required={false}
                                        select={false}
                                        type="date"
                                  />
                            </WithStyles(ListItem)>
                      </WithStyles(List)>
                }
          />,
              "key": "deadline",
              "label": "Fälligkeit",
              "mapper": [Function],
              "numeric": true,
              "show": [Function],
            },
            Object {
              "disablePadding": false,
              "key": "prOccasion",
              "label": "Grund",
              "mapper": [Function],
              "numeric": false,
              "show": [Function],
            },
            Object {
              "disablePadding": false,
              "key": "projectCst",
              "label": "Projektkst",
              "mapper": [Function],
              "numeric": false,
              "show": [Function],
            },
            Object {
              "disablePadding": true,
              "key": "competence",
              "label": "Dev/Con",
              "mapper": [Function],
              "numeric": false,
              "show": [Function],
            },
            Object {
              "disablePadding": true,
              "key": "level",
              "label": "level",
              "mapper": [Function],
              "numeric": false,
              "show": [Function],
            },
            Object {
              "disablePadding": true,
              "filter": <PopperSearchMenu>
                <Connect(EmployeeFilter)
                      filterBy="supervisor"
                      filterGroup="hr"
                />
          </PopperSearchMenu>,
              "key": "supervisor",
              "label": "Vorgesetzte/r",
              "mapper": [Function],
              "numeric": false,
              "show": [Function],
            },
            Object {
              "disablePadding": true,
              "filter": <PopperSearchMenu>
                <Connect(EmployeeFilter)
                      filterBy="reviewer"
                      filterGroup="hr"
                />
          </PopperSearchMenu>,
              "key": "reviewer",
              "label": "Bewerter",
              "mapper": [Function],
              "numeric": false,
              "show": [Function],
            },
            Object {
              "disablePadding": true,
              "key": "result",
              "label": "Bewertung",
              "mapper": [Function],
              "numeric": false,
              "show": [Function],
            },
            Object {
              "disablePadding": true,
              "key": "employeePreparationDone",
              "label": "MA ausgefüllt",
              "mapper": [Function],
              "numeric": false,
              "show": [Function],
            },
            Object {
              "disablePadding": false,
              "key": "reviewerPreparationDone",
              "label": "Beurteiler ausgefüllt",
              "mapper": [Function],
              "numeric": false,
              "show": [Function],
            },
            Object {
              "disablePadding": true,
              "key": "appointment",
              "label": "Termin",
              "mapper": [Function],
              "numeric": false,
              "show": [Function],
            },
            Object {
              "disablePadding": true,
              "key": "inProgress",
              "label": "Finaler Status",
              "mapper": [Function],
              "numeric": false,
              "show": [Function],
            },
            Object {
              "disablePadding": true,
              "key": "humanResourceProcessingDone",
              "label": "HR verarbeitet",
              "mapper": [Function],
              "numeric": false,
              "show": [Function],
            },
          ]
        }
        onRequestSort={[Function]}
        order="desc"
        orderBy="deadline"
      />
      <WithStyles(TableBody)>
        <WithStyles(TableRow)
          hover={true}
          key="0"
          tabIndex={-1}
        >
          <WithStyles(TableCell)
            key="employee"
            padding="default"
          >
            <Link
              replace={false}
              to="/prDetail/2"
            >
              Michaela Mitarbeiterin
            </Link>
          </WithStyles(TableCell)>
          <WithStyles(TableCell)
            key="deadline"
            padding="default"
          >
            2018-02-01
          </WithStyles(TableCell)>
          <WithStyles(TableCell)
            key="prOccasion"
            padding="default"
          >
            <Translate
              content="ON_DEMAND"
            />
          </WithStyles(TableCell)>
          <WithStyles(TableCell)
            key="projectCst"
            padding="default"
          />
          <WithStyles(TableCell)
            key="competence"
            padding="default"
          >
            <Translate
              content="COMPETENCE_CONSULTANT"
            />
          </WithStyles(TableCell)>
          <WithStyles(TableCell)
            key="level"
            padding="default"
          >
            1
          </WithStyles(TableCell)>
          <WithStyles(TableCell)
            key="supervisor"
            padding="default"
          >
            Volker Vorgesetzter
          </WithStyles(TableCell)>
          <WithStyles(TableCell)
            key="reviewer"
            padding="default"
          >
            Volker Vorgesetzter
          </WithStyles(TableCell)>
          <WithStyles(TableCell)
            key="result"
            padding="default"
          />
          <WithStyles(TableCell)
            key="employeePreparationDone"
            padding="default"
          >
            ja
          </WithStyles(TableCell)>
          <WithStyles(TableCell)
            key="reviewerPreparationDone"
            padding="default"
          >
            nein
          </WithStyles(TableCell)>
          <WithStyles(TableCell)
            key="appointment"
            padding="default"
          />
          <WithStyles(TableCell)
            key="inProgress"
            padding="default"
          >
            abgeschlossen
          </WithStyles(TableCell)>
          <WithStyles(TableCell)
            key="humanResourceProcessingDone"
            padding="default"
          >
            nein
          </WithStyles(TableCell)>
        </WithStyles(TableRow)>
        <WithStyles(TableRow)
          hover={true}
          key="1"
          tabIndex={-1}
        >
          <WithStyles(TableCell)
            key="employee"
            padding="default"
          >
            <Link
              replace={false}
              to="/prDetail/1"
            >
              Michaela Mitarbeiterin
            </Link>
          </WithStyles(TableCell)>
          <WithStyles(TableCell)
            key="deadline"
            padding="default"
          >
            2018-01-01
          </WithStyles(TableCell)>
          <WithStyles(TableCell)
            key="prOccasion"
            padding="default"
          >
            <Translate
              content="ON_DEMAND"
            />
          </WithStyles(TableCell)>
          <WithStyles(TableCell)
            key="projectCst"
            padding="default"
          />
          <WithStyles(TableCell)
            key="competence"
            padding="default"
          >
            <Translate
              content="COMPETENCE_DEVELOPMENT"
            />
          </WithStyles(TableCell)>
          <WithStyles(TableCell)
            key="level"
            padding="default"
          >
            1
          </WithStyles(TableCell)>
          <WithStyles(TableCell)
            key="supervisor"
            padding="default"
          >
            Volker Vorgesetzter
          </WithStyles(TableCell)>
          <WithStyles(TableCell)
            key="reviewer"
            padding="default"
          >
            Volker Vorgesetzter
          </WithStyles(TableCell)>
          <WithStyles(TableCell)
            key="result"
            padding="default"
          />
          <WithStyles(TableCell)
            key="employeePreparationDone"
            padding="default"
          >
            ja
          </WithStyles(TableCell)>
          <WithStyles(TableCell)
            key="reviewerPreparationDone"
            padding="default"
          >
            nein
          </WithStyles(TableCell)>
          <WithStyles(TableCell)
            key="appointment"
            padding="default"
          />
          <WithStyles(TableCell)
            key="inProgress"
            padding="default"
          >
            abgeschlossen
          </WithStyles(TableCell)>
          <WithStyles(TableCell)
            key="humanResourceProcessingDone"
            padding="default"
          >
            nein
          </WithStyles(TableCell)>
        </WithStyles(TableRow)>
      </WithStyles(TableBody)>
    </WithStyles(Table)>
  </div>
  <WithStyles(TablePagination)
    backIconButtonProps={
      Object {
        "aria-label": "Previous Page",
      }
    }
    component="div"
    count={2}
    nextIconButtonProps={
      Object {
        "aria-label": "Next Page",
      }
    }
    onChangePage={[Function]}
    onChangeRowsPerPage={[Function]}
    page={0}
    rowsPerPage={25}
  />
</WithStyles(Paper)>
`;
