// Jest Snapshot v1, https://goo.gl/fbAQLP

exports[`PrOverviewReviewer Component should match snapshot 1`] = `
<WithStyles(Paper)>
  <WithStyles(Grid)
    alignItems="center"
    container={true}
    direction="row"
    justify="flex-end"
  >
    <WithStyles(Grid)
      item={true}
    >
      <InjectIntl(Connect(Component)) />
    </WithStyles(Grid)>
    <WithStyles(Grid)
      item={true}
    >
      <InjectIntl(TableColumnSelectorMenu)
        content={
          Array [
            Object {
              "label": <FormattedMessage
                id="performancereviewtableservice.employee"
                values={Object {}}
          />,
              "value": Object {
                "label": <FormattedMessage
                  id="performancereviewtableservice.employee"
                  values={Object {}}
          />,
                "numeric": false,
                "render": [Function],
                "sortValue": [Function],
              },
            },
            Object {
              "label": <FormattedMessage
                id="performancereviewtableservice.duedate"
                values={Object {}}
          />,
              "value": Object {
                "filter": <Connect(WithStyles(Component))
                  filterBy="deadline"
                  filterGroup="EMPLOYEE"
          >
                  <InjectIntl(Connect(WithStyles(Component))) />
          </Connect(WithStyles(Component))>,
                "label": <FormattedMessage
                  id="performancereviewtableservice.duedate"
                  values={Object {}}
          />,
                "numeric": true,
                "render": [Function],
                "sortValue": [Function],
              },
            },
            Object {
              "label": <FormattedMessage
                id="performancereviewtableservice.reason"
                values={Object {}}
          />,
              "value": Object {
                "filter": <Connect(WithStyles(Component))
                  filterBy="occasion"
                  filterGroup="EMPLOYEE"
          >
                  <Connect(Component)
                          content={
                                  Object {
                                          "Auf Nachfrage": "ON_DEMAND",
                                          "Ende der Probezeit": "END_PROBATION",
                                          "Jährlich": "YEARLY",
                                        }
                          }
                  />
          </Connect(WithStyles(Component))>,
                "label": <FormattedMessage
                  id="performancereviewtableservice.reason"
                  values={Object {}}
          />,
                "numeric": false,
                "render": [Function],
                "sortValue": [Function],
              },
            },
            Object {
              "label": <FormattedMessage
                id="performancereviewtableservice.projectcst"
                values={Object {}}
          />,
              "value": Object {
                "filter": <Connect(WithStyles(Component))
                  filterBy="projectCst"
                  filterGroup="EMPLOYEE"
          >
                  <Connect(Component)
                          content={
                                  Object {
                                          "ACD_BOOT": "ACD_BOOT",
                                          "DEV_CAMP": "DEV_CAMP",
                                        }
                          }
                  />
          </Connect(WithStyles(Component))>,
                "label": <FormattedMessage
                  id="performancereviewtableservice.projectcst"
                  values={Object {}}
          />,
                "numeric": false,
                "render": [Function],
                "sortValue": [Function],
              },
            },
            Object {
              "label": <FormattedMessage
                id="performancereviewtableservice.devcon"
                values={Object {}}
          />,
              "value": Object {
                "filter": <Connect(WithStyles(Component))
                  filterBy="competence"
                  filterGroup="EMPLOYEE"
          >
                  <Connect(Component)
                          content={
                                  Object {
                                          "Con.": "CONSULTING",
                                          "Dev.": "DEVELOPMENT",
                                        }
                          }
                  />
          </Connect(WithStyles(Component))>,
                "label": <FormattedMessage
                  id="performancereviewtableservice.devcon"
                  values={Object {}}
          />,
                "numeric": false,
                "render": [Function],
                "sortValue": [Function],
              },
            },
            Object {
              "label": <FormattedMessage
                id="performancereviewtableservice.level"
                values={Object {}}
          />,
              "value": Object {
                "filter": <Connect(WithStyles(Component))
                  filterBy="level"
                  filterGroup="EMPLOYEE"
          >
                  <Connect(Component)
                          content={
                                  Object {
                                          "1": "1",
                                          "2": "2",
                                        }
                          }
                  />
          </Connect(WithStyles(Component))>,
                "label": <FormattedMessage
                  id="performancereviewtableservice.level"
                  values={Object {}}
          />,
                "numeric": true,
                "render": [Function],
                "sortValue": [Function],
              },
            },
            Object {
              "label": <FormattedMessage
                id="performancereviewtableservice.supervisor"
                values={Object {}}
          />,
              "value": Object {
                "filter": <Connect(WithStyles(Component))
                  filterBy="supervisor"
                  filterGroup="EMPLOYEE"
          >
                  <InjectIntl(Connect(EmployeeFilter)) />
          </Connect(WithStyles(Component))>,
                "label": <FormattedMessage
                  id="performancereviewtableservice.supervisor"
                  values={Object {}}
          />,
                "numeric": false,
                "render": [Function],
                "sortValue": [Function],
              },
            },
            Object {
              "label": <FormattedMessage
                id="performancereviewtableservice.reviewer"
                values={Object {}}
          />,
              "value": Object {
                "filter": <Connect(WithStyles(Component))
                  filterBy="reviewer"
                  filterGroup="EMPLOYEE"
          >
                  <InjectIntl(Connect(EmployeeFilter)) />
          </Connect(WithStyles(Component))>,
                "label": <FormattedMessage
                  id="performancereviewtableservice.reviewer"
                  values={Object {}}
          />,
                "numeric": false,
                "render": [Function],
                "sortValue": [Function],
              },
            },
            Object {
              "label": <FormattedMessage
                id="performancereviewtableservice.rating"
                values={Object {}}
          />,
              "value": Object {
                "filter": <Connect(WithStyles(Component))
                  filterBy="overallAssessment"
                  filterGroup="EMPLOYEE"
          >
                  <Connect(Component)
                          content={
                                  Object {
                                          "erfüllt": "3",
                                          "nicht erfüllt": "1",
                                          "zT. nicht erfüllt": "2",
                                          "zT. übererfüllt": "4",
                                          "übererfüllt": "5",
                                        }
                          }
                  />
          </Connect(WithStyles(Component))>,
                "label": <FormattedMessage
                  id="performancereviewtableservice.rating"
                  values={Object {}}
          />,
                "numeric": true,
                "render": [Function],
                "sortValue": [Function],
              },
            },
            Object {
              "label": <FormattedMessage
                id="performancereviewtableservice.employeefilled"
                values={Object {}}
          />,
              "value": Object {
                "filter": <Connect(WithStyles(Component))
                  filterBy="employeePreparationDone"
                  filterGroup="EMPLOYEE"
          >
                  <Connect(Component)
                          content={
                                  Object {
                                          "ja": true,
                                          "nein": false,
                                        }
                          }
                  />
          </Connect(WithStyles(Component))>,
                "label": <FormattedMessage
                  id="performancereviewtableservice.employeefilled"
                  values={Object {}}
          />,
                "numeric": false,
                "render": [Function],
                "sortValue": [Function],
              },
            },
            Object {
              "label": <FormattedMessage
                id="performancereviewtableservice.reviewerfilled"
                values={Object {}}
          />,
              "value": Object {
                "filter": <Connect(WithStyles(Component))
                  filterBy="reviewerPreparationDone"
                  filterGroup="EMPLOYEE"
          >
                  <Connect(Component)
                          content={
                                  Object {
                                          "ja": true,
                                          "nein": false,
                                        }
                          }
                  />
          </Connect(WithStyles(Component))>,
                "label": <FormattedMessage
                  id="performancereviewtableservice.reviewerfilled"
                  values={Object {}}
          />,
                "numeric": false,
                "render": [Function],
                "sortValue": [Function],
              },
            },
            Object {
              "label": <FormattedMessage
                id="performancereviewtableservice.termin"
                values={Object {}}
          />,
              "value": Object {
                "label": <FormattedMessage
                  id="performancereviewtableservice.termin"
                  values={Object {}}
          />,
                "numeric": false,
                "render": [Function],
                "sortValue": [Function],
              },
            },
            Object {
              "label": <FormattedMessage
                id="performancereviewtableservice.final"
                values={Object {}}
          />,
              "value": Object {
                "filter": <Connect(WithStyles(Component))
                  filterBy="inProgress"
                  filterGroup="EMPLOYEE"
          >
                  <Connect(Component)
                          content={
                                  Object {
                                          "beendet": false,
                                          "laufend": true,
                                        }
                          }
                  />
          </Connect(WithStyles(Component))>,
                "label": <FormattedMessage
                  id="performancereviewtableservice.final"
                  values={Object {}}
          />,
                "numeric": false,
                "render": [Function],
                "sortValue": [Function],
              },
            },
          ]
        }
        onChange={[Function]}
      />
    </WithStyles(Grid)>
  </WithStyles(Grid)>
  <InjectIntl(WithStyles(PerformanceReviewTable))
    columnDefinition={
      Array [
        Object {
          "label": <FormattedMessage
            id="performancereviewtableservice.employee"
            values={Object {}}
      />,
          "numeric": false,
          "render": [Function],
          "sortValue": [Function],
        },
        Object {
          "filter": <Connect(WithStyles(Component))
            filterBy="deadline"
            filterGroup="EMPLOYEE"
      >
            <InjectIntl(Connect(WithStyles(Component))) />
      </Connect(WithStyles(Component))>,
          "label": <FormattedMessage
            id="performancereviewtableservice.duedate"
            values={Object {}}
      />,
          "numeric": true,
          "render": [Function],
          "sortValue": [Function],
        },
        Object {
          "filter": <Connect(WithStyles(Component))
            filterBy="occasion"
            filterGroup="EMPLOYEE"
      >
            <Connect(Component)
                  content={
                        Object {
                              "Auf Nachfrage": "ON_DEMAND",
                              "Ende der Probezeit": "END_PROBATION",
                              "Jährlich": "YEARLY",
                            }
                  }
            />
      </Connect(WithStyles(Component))>,
          "label": <FormattedMessage
            id="performancereviewtableservice.reason"
            values={Object {}}
      />,
          "numeric": false,
          "render": [Function],
          "sortValue": [Function],
        },
        Object {
          "filter": <Connect(WithStyles(Component))
            filterBy="projectCst"
            filterGroup="EMPLOYEE"
      >
            <Connect(Component)
                  content={
                        Object {
                              "ACD_BOOT": "ACD_BOOT",
                              "DEV_CAMP": "DEV_CAMP",
                            }
                  }
            />
      </Connect(WithStyles(Component))>,
          "label": <FormattedMessage
            id="performancereviewtableservice.projectcst"
            values={Object {}}
      />,
          "numeric": false,
          "render": [Function],
          "sortValue": [Function],
        },
        Object {
          "filter": <Connect(WithStyles(Component))
            filterBy="competence"
            filterGroup="EMPLOYEE"
      >
            <Connect(Component)
                  content={
                        Object {
                              "Con.": "CONSULTING",
                              "Dev.": "DEVELOPMENT",
                            }
                  }
            />
      </Connect(WithStyles(Component))>,
          "label": <FormattedMessage
            id="performancereviewtableservice.devcon"
            values={Object {}}
      />,
          "numeric": false,
          "render": [Function],
          "sortValue": [Function],
        },
        Object {
          "filter": <Connect(WithStyles(Component))
            filterBy="level"
            filterGroup="EMPLOYEE"
      >
            <Connect(Component)
                  content={
                        Object {
                              "1": "1",
                              "2": "2",
                            }
                  }
            />
      </Connect(WithStyles(Component))>,
          "label": <FormattedMessage
            id="performancereviewtableservice.level"
            values={Object {}}
      />,
          "numeric": true,
          "render": [Function],
          "sortValue": [Function],
        },
        Object {
          "filter": <Connect(WithStyles(Component))
            filterBy="supervisor"
            filterGroup="EMPLOYEE"
      >
            <InjectIntl(Connect(EmployeeFilter)) />
      </Connect(WithStyles(Component))>,
          "label": <FormattedMessage
            id="performancereviewtableservice.supervisor"
            values={Object {}}
      />,
          "numeric": false,
          "render": [Function],
          "sortValue": [Function],
        },
        Object {
          "filter": <Connect(WithStyles(Component))
            filterBy="reviewer"
            filterGroup="EMPLOYEE"
      >
            <InjectIntl(Connect(EmployeeFilter)) />
      </Connect(WithStyles(Component))>,
          "label": <FormattedMessage
            id="performancereviewtableservice.reviewer"
            values={Object {}}
      />,
          "numeric": false,
          "render": [Function],
          "sortValue": [Function],
        },
        Object {
          "filter": <Connect(WithStyles(Component))
            filterBy="overallAssessment"
            filterGroup="EMPLOYEE"
      >
            <Connect(Component)
                  content={
                        Object {
                              "erfüllt": "3",
                              "nicht erfüllt": "1",
                              "zT. nicht erfüllt": "2",
                              "zT. übererfüllt": "4",
                              "übererfüllt": "5",
                            }
                  }
            />
      </Connect(WithStyles(Component))>,
          "label": <FormattedMessage
            id="performancereviewtableservice.rating"
            values={Object {}}
      />,
          "numeric": true,
          "render": [Function],
          "sortValue": [Function],
        },
        Object {
          "filter": <Connect(WithStyles(Component))
            filterBy="employeePreparationDone"
            filterGroup="EMPLOYEE"
      >
            <Connect(Component)
                  content={
                        Object {
                              "ja": true,
                              "nein": false,
                            }
                  }
            />
      </Connect(WithStyles(Component))>,
          "label": <FormattedMessage
            id="performancereviewtableservice.employeefilled"
            values={Object {}}
      />,
          "numeric": false,
          "render": [Function],
          "sortValue": [Function],
        },
        Object {
          "filter": <Connect(WithStyles(Component))
            filterBy="reviewerPreparationDone"
            filterGroup="EMPLOYEE"
      >
            <Connect(Component)
                  content={
                        Object {
                              "ja": true,
                              "nein": false,
                            }
                  }
            />
      </Connect(WithStyles(Component))>,
          "label": <FormattedMessage
            id="performancereviewtableservice.reviewerfilled"
            values={Object {}}
      />,
          "numeric": false,
          "render": [Function],
          "sortValue": [Function],
        },
        Object {
          "label": <FormattedMessage
            id="performancereviewtableservice.termin"
            values={Object {}}
      />,
          "numeric": false,
          "render": [Function],
          "sortValue": [Function],
        },
        Object {
          "filter": <Connect(WithStyles(Component))
            filterBy="inProgress"
            filterGroup="EMPLOYEE"
      >
            <Connect(Component)
                  content={
                        Object {
                              "beendet": false,
                              "laufend": true,
                            }
                  }
            />
      </Connect(WithStyles(Component))>,
          "label": <FormattedMessage
            id="performancereviewtableservice.final"
            values={Object {}}
      />,
          "numeric": false,
          "render": [Function],
          "sortValue": [Function],
        },
      ]
    }
    orderBy={1}
  />
</WithStyles(Paper)>
`;
