// Jest Snapshot v1, https://goo.gl/fbAQLP

exports[`RequestPerformanceReview should match snapshot 1`] = `
<WithStyles(Button)
  color="primary"
  id="addPrButton"
  onClick={[Function]}
>
  <WithStyles(Icon)>
    add
  </WithStyles(Icon)>
  PR beantragen
</WithStyles(Button)>
`;
